// Jest Snapshot v1, https://goo.gl/fbAQLP

exports[`addCategory on success it should match the snapshot 1`] = `
Object {
  "data": Object {
    "addCategory": Object {
      "keywords": Array [
        null,
      ],
      "name": "newCategory",
    },
  },
  "errors": undefined,
  "extensions": undefined,
  "http": Object {
    "headers": Headers {
      Symbol(map): Object {},
    },
  },
}
`;
