// Jest Snapshot v1, https://goo.gl/fbAQLP

exports[`addKeywordToCategory on success it should match the snapshot 1`] = `
Object {
  "data": Object {
    "addKeywordToCategory": Object {
      "keywords": Array [
        "audi",
        "bmw",
        "tires",
        "mockCar",
      ],
      "name": "cars",
    },
  },
  "errors": undefined,
  "extensions": undefined,
  "http": Object {
    "headers": Headers {
      Symbol(map): Object {},
    },
  },
}
`;
