// Jest Snapshot v1, https://goo.gl/fbAQLP

exports[`removeCategory on success it should match the snapshot 1`] = `
Object {
  "data": Object {
    "removeCategory": "cars",
  },
  "errors": undefined,
  "extensions": undefined,
  "http": Object {
    "headers": Headers {
      Symbol(map): Object {},
    },
  },
}
`;
